<?xml version="1.0" encoding="UTF-8"?>
<testsuites name="jest tests" tests="7" failures="0" errors="0" time="3.777">
  <testsuite name="ChevronDown" errors="0" failures="0" skipped="0" timestamp="2023-01-06T06:50:35" time="1.689" tests="5">
    <testcase classname="ChevronDown renders with default props" name="ChevronDown renders with default props" time="0.025">
    </testcase>
    <testcase classname="ChevronDown passes props as expected" name="ChevronDown passes props as expected" time="0.007">
    </testcase>
    <testcase classname="MobileNavToggle renders with default props" name="MobileNavToggle renders with default props" time="0.004">
    </testcase>
    <testcase classname="MobileNavToggle passes props as expected" name="MobileNavToggle passes props as expected" time="0.006">
    </testcase>
    <testcase classname="MobileNavToggle toggles icon when clicked" name="MobileNavToggle toggles icon when clicked" time="0.007">
    </testcase>
  </testsuite>
  <testsuite name="undefined" errors="0" failures="0" skipped="0" timestamp="2023-01-06T06:50:35" time="2.116" tests="2">
    <testcase classname=" renders given basic props" name=" renders given basic props" time="0.056">
    </testcase>
    <testcase classname=" scrolling the window updates the header class" name=" scrolling the window updates the header class" time="0.019">
    </testcase>
  </testsuite>
</testsuites>